
> stellar_landing_0bb81063@0.1.0 dev
> next dev --turbopack --port 52802 --hostname 0.0.0.0

   ▲ Next.js 15.4.1 (Turbopack)
   - Local:        http://localhost:52802
   - Network:      http://0.0.0.0:52802
   - Experiments (use with caution):
     · optimizePackageImports

 ✓ Starting...
 ⚠ Invalid next.config.ts options detected: 
 ⚠     Unrecognized key(s) in object: 'swcMinify'
 ⚠ See more info here: https://nextjs.org/docs/messages/invalid-next-config
 ✓ Ready in 860ms
 ○ Compiling / ...
 ✓ Compiled / in 2.3s
 GET / 200 in 2593ms
 GET / 200 in 54ms
 ⚠ Found a change in next.config.ts. Restarting the server to apply the changes...
   ▲ Next.js 15.4.1 (Turbopack)
   - Local:        http://localhost:52802
   - Network:      http://0.0.0.0:52802
   - Experiments (use with caution):
     · optimizePackageImports

 ✓ Starting...
 ✓ Ready in 884ms
 ○ Compiling / ...
 ✓ Compiled / in 2.3s
 GET / 200 in 2305ms
 GET / 200 in 2681ms
 GET / 200 in 53ms
 GET /?t=1752771363800 200 in 48ms
 GET /?t=1752771366598 200 in 75ms
 GET / 200 in 74ms
 GET /?t=1752771366773 200 in 46ms
 GET / 200 in 44ms
 GET /?t=1752771371476 200 in 75ms
 GET / 200 in 76ms
 GET /?t=1752771371669 200 in 43ms
